Category: A
Tab: Two
Category: B
Tab: Three
Category: C
