Category: A
Tab: Mid
Category: X
Tab: Two
Category: B
